 
****************************************
Report : constraint
        -all_violators
Design : fifo1
Version: Q-2019.12-SP3
Date   : Fri Apr  7 17:35:04 2023
****************************************


   max_transition

                             Required        Actual
   Net                      Transition     Transition        Slack
   -----------------------------------------------------------------
   rdata[0]                     0.50           0.90          -0.40  (VIOLATED)
       PORT :  rdata[0]         0.50           0.90          -0.40  (VIOLATED)
   rdata[1]                     0.50           0.90          -0.40  (VIOLATED)
       PORT :  rdata[1]         0.50           0.90          -0.40  (VIOLATED)
   rdata[2]                     0.50           0.90          -0.40  (VIOLATED)
       PORT :  rdata[2]         0.50           0.90          -0.40  (VIOLATED)
   rdata[3]                     0.50           0.90          -0.40  (VIOLATED)
       PORT :  rdata[3]         0.50           0.90          -0.40  (VIOLATED)
   rdata[4]                     0.50           0.90          -0.40  (VIOLATED)
       PORT :  rdata[4]         0.50           0.90          -0.40  (VIOLATED)
   rdata[5]                     0.50           0.90          -0.40  (VIOLATED)
       PORT :  rdata[5]         0.50           0.90          -0.40  (VIOLATED)
   rdata[6]                     0.50           0.90          -0.40  (VIOLATED)
       PORT :  rdata[6]         0.50           0.90          -0.40  (VIOLATED)
   rdata[7]                     0.50           0.90          -0.40  (VIOLATED)
       PORT :  rdata[7]         0.50           0.90          -0.40  (VIOLATED)
   rempty                       0.50           0.90          -0.40  (VIOLATED)
       PORT :  rempty           0.50           0.90          -0.40  (VIOLATED)
   wfull                        0.50           0.90          -0.40  (VIOLATED)
       PORT :  wfull            0.50           0.90          -0.40  (VIOLATED)
   fifomem/n196                 0.50           0.55          -0.05  (VIOLATED)
       PIN :   fifomem/U744/A1
                                0.50           0.55          -0.05  (VIOLATED)
       PIN :   fifomem/U848/Y
                                0.50           0.55          -0.05  (VIOLATED)
   fifomem/n224                 0.50           0.55          -0.05  (VIOLATED)
       PIN :   fifomem/U720/A1
                                0.50           0.55          -0.05  (VIOLATED)
       PIN :   fifomem/U865/Y
                                0.50           0.55          -0.05  (VIOLATED)
   fifomem/n236                 0.50           0.55          -0.05  (VIOLATED)
       PIN :   fifomem/U727/A1
                                0.50           0.55          -0.05  (VIOLATED)
       PIN :   fifomem/U871/Y
                                0.50           0.55          -0.05  (VIOLATED)
   fifomem/n168                 0.50           0.55          -0.05  (VIOLATED)
       PIN :   fifomem/U711/A1
                                0.50           0.55          -0.05  (VIOLATED)
       PIN :   fifomem/U837/Y
                                0.50           0.55          -0.05  (VIOLATED)
   fifomem/n152                 0.50           0.55          -0.05  (VIOLATED)
       PIN :   fifomem/U707/A1
                                0.50           0.55          -0.05  (VIOLATED)
       PIN :   fifomem/U829/Y
                                0.50           0.55          -0.05  (VIOLATED)
   fifomem/n182                 0.50           0.55          -0.05  (VIOLATED)
       PIN :   fifomem/U715/A1
                                0.50           0.55          -0.05  (VIOLATED)
       PIN :   fifomem/U844/Y
                                0.50           0.55          -0.05  (VIOLATED)
   fifomem/n184                 0.50           0.55          -0.05  (VIOLATED)
       PIN :   fifomem/U716/A1
                                0.50           0.55          -0.05  (VIOLATED)
       PIN :   fifomem/U846/Y
                                0.50           0.55          -0.05  (VIOLATED)
   fifomem/n108                 0.50           0.55          -0.05  (VIOLATED)
       PIN :   fifomem/U736/A1
                                0.50           0.55          -0.05  (VIOLATED)
       PIN :   fifomem/U805/Y
                                0.50           0.55          -0.05  (VIOLATED)
   fifomem/n124                 0.50           0.55          -0.05  (VIOLATED)
       PIN :   fifomem/U740/A1
                                0.50           0.55          -0.05  (VIOLATED)
       PIN :   fifomem/U813/Y
                                0.50           0.55          -0.05  (VIOLATED)
   fifomem/n90                  0.50           0.55          -0.05  (VIOLATED)
       PIN :   fifomem/U731/A1
                                0.50           0.55          -0.05  (VIOLATED)
       PIN :   fifomem/U795/Y
                                0.50           0.55          -0.05  (VIOLATED)
   fifomem/n92                  0.50           0.55          -0.05  (VIOLATED)
       PIN :   fifomem/U732/A1
                                0.50           0.55          -0.05  (VIOLATED)
       PIN :   fifomem/U797/Y
                                0.50           0.55          -0.05  (VIOLATED)
   fifomem/n136                 0.50           0.54          -0.04  (VIOLATED)
       PIN :   fifomem/U702/A1
                                0.50           0.54          -0.04  (VIOLATED)
       PIN :   fifomem/U819/Y
                                0.50           0.54          -0.04  (VIOLATED)
   fifomem/n138                 0.50           0.54          -0.04  (VIOLATED)
       PIN :   fifomem/U703/A1
                                0.50           0.54          -0.04  (VIOLATED)
       PIN :   fifomem/U821/Y
                                0.50           0.54          -0.04  (VIOLATED)
   fifomem/n27                  0.50           0.54          -0.04  (VIOLATED)
       PIN :   fifomem/U355/A1
                                0.50           0.54          -0.04  (VIOLATED)
       PIN :   fifomem/U356/Y
                                0.50           0.54          -0.04  (VIOLATED)
   fifomem/n29                  0.50           0.54          -0.04  (VIOLATED)
       PIN :   fifomem/U358/A1
                                0.50           0.54          -0.04  (VIOLATED)
       PIN :   fifomem/U359/Y
                                0.50           0.54          -0.04  (VIOLATED)
   fifomem/n206                 0.50           0.54          -0.04  (VIOLATED)
       PIN :   fifomem/U722/A1
                                0.50           0.54          -0.04  (VIOLATED)
       PIN :   fifomem/U852/Y
                                0.50           0.54          -0.04  (VIOLATED)
   fifomem/n210                 0.50           0.54          -0.04  (VIOLATED)
       PIN :   fifomem/U723/A1
                                0.50           0.54          -0.04  (VIOLATED)
       PIN :   fifomem/U855/Y
                                0.50           0.54          -0.04  (VIOLATED)
   fifomem/n212                 0.50           0.54          -0.04  (VIOLATED)
       PIN :   fifomem/U724/A1
                                0.50           0.54          -0.04  (VIOLATED)
       PIN :   fifomem/U857/Y
                                0.50           0.54          -0.04  (VIOLATED)
   fifomem/n246                 0.50           0.54          -0.04  (VIOLATED)
       PIN :   fifomem/U755/A1
                                0.50           0.54          -0.04  (VIOLATED)
       PIN :   fifomem/U874/Y
                                0.50           0.54          -0.04  (VIOLATED)
   fifomem/n250                 0.50           0.54          -0.04  (VIOLATED)
       PIN :   fifomem/U756/A1
                                0.50           0.54          -0.04  (VIOLATED)
       PIN :   fifomem/U875/Y
                                0.50           0.54          -0.04  (VIOLATED)
   fifomem/n252                 0.50           0.54          -0.04  (VIOLATED)
       PIN :   fifomem/U757/A1
                                0.50           0.54          -0.04  (VIOLATED)
       PIN :   fifomem/U876/Y
                                0.50           0.54          -0.04  (VIOLATED)
   fifomem/n214                 0.50           0.54          -0.04  (VIOLATED)
       PIN :   fifomem/U725/A1
                                0.50           0.54          -0.04  (VIOLATED)
       PIN :   fifomem/U859/Y
                                0.50           0.54          -0.04  (VIOLATED)
   wptr_full/n11                0.50           0.54          -0.04  (VIOLATED)
       PIN :   wptr_full/U7/A1
                                0.50           0.54          -0.04  (VIOLATED)
       PIN :   wptr_full/U49/Y
                                0.50           0.54          -0.04  (VIOLATED)
   fifomem/n256                 0.50           0.54          -0.04  (VIOLATED)
       PIN :   fifomem/U193/A4
                                0.50           0.54          -0.04  (VIOLATED)
       PIN :   fifomem/U227/A1
                                0.50           0.54          -0.04  (VIOLATED)
       PIN :   fifomem/U231/A1
                                0.50           0.54          -0.04  (VIOLATED)
       PIN :   fifomem/U602/A1
                                0.50           0.54          -0.04  (VIOLATED)
       PIN :   fifomem/U609/A1
                                0.50           0.54          -0.04  (VIOLATED)
       PIN :   fifomem/U616/A1
                                0.50           0.54          -0.04  (VIOLATED)
       PIN :   fifomem/U695/A1
                                0.50           0.54          -0.04  (VIOLATED)
       PIN :   fifomem/U761/A1
                                0.50           0.54          -0.04  (VIOLATED)
       PIN :   fifomem/U898/Y
                                0.50           0.54          -0.04  (VIOLATED)
   fifomem/n711                 0.50           0.53          -0.03  (VIOLATED)
       PIN :   fifomem/U10/A2
                                0.50           0.53          -0.03  (VIOLATED)
       PIN :   fifomem/U9/A2
                                0.50           0.53          -0.03  (VIOLATED)
       PIN :   fifomem/U8/A2
                                0.50           0.53          -0.03  (VIOLATED)
       PIN :   fifomem/U7/A2
                                0.50           0.53          -0.03  (VIOLATED)
       PIN :   fifomem/U6/A2
                                0.50           0.53          -0.03  (VIOLATED)
       PIN :   fifomem/U37/A2
                                0.50           0.53          -0.03  (VIOLATED)
       PIN :   fifomem/U1223/A3
                                0.50           0.53          -0.03  (VIOLATED)
       PIN :   fifomem/U883/A3
                                0.50           0.53          -0.03  (VIOLATED)
       PIN :   fifomem/U1222/A
                                0.50           0.53          -0.03  (VIOLATED)
       PIN :   fifomem/U38/Y
                                0.50           0.53          -0.03  (VIOLATED)
   fifomem/n689                 0.50           0.53          -0.03  (VIOLATED)
       PIN :   fifomem/U399/S0
                                0.50           0.53          -0.03  (VIOLATED)
       PIN :   fifomem/U400/S0
                                0.50           0.53          -0.03  (VIOLATED)
       PIN :   fifomem/U401/S0
                                0.50           0.53          -0.03  (VIOLATED)
       PIN :   fifomem/U402/S0
                                0.50           0.53          -0.03  (VIOLATED)
       PIN :   fifomem/U585/S0
                                0.50           0.53          -0.03  (VIOLATED)
       PIN :   fifomem/U588/S0
                                0.50           0.53          -0.03  (VIOLATED)
       PIN :   fifomem/U593/S0
                                0.50           0.53          -0.03  (VIOLATED)
       PIN :   fifomem/U767/S0
                                0.50           0.53          -0.03  (VIOLATED)
       PIN :   fifomem/U994/Y
                                0.50           0.53          -0.03  (VIOLATED)
   fifomem/n686                 0.50           0.53          -0.03  (VIOLATED)
       PIN :   fifomem/U395/S0
                                0.50           0.53          -0.03  (VIOLATED)
       PIN :   fifomem/U396/S0
                                0.50           0.53          -0.03  (VIOLATED)
       PIN :   fifomem/U397/S0
                                0.50           0.53          -0.03  (VIOLATED)
       PIN :   fifomem/U398/S0
                                0.50           0.53          -0.03  (VIOLATED)
       PIN :   fifomem/U586/S0
                                0.50           0.53          -0.03  (VIOLATED)
       PIN :   fifomem/U589/S0
                                0.50           0.53          -0.03  (VIOLATED)
       PIN :   fifomem/U592/S0
                                0.50           0.53          -0.03  (VIOLATED)
       PIN :   fifomem/U763/S0
                                0.50           0.53          -0.03  (VIOLATED)
       PIN :   fifomem/U973/Y
                                0.50           0.53          -0.03  (VIOLATED)
   fifomem/n685                 0.50           0.53          -0.03  (VIOLATED)
       PIN :   fifomem/U391/S0
                                0.50           0.53          -0.03  (VIOLATED)
       PIN :   fifomem/U392/S0
                                0.50           0.53          -0.03  (VIOLATED)
       PIN :   fifomem/U393/S0
                                0.50           0.53          -0.03  (VIOLATED)
       PIN :   fifomem/U394/S0
                                0.50           0.53          -0.03  (VIOLATED)
       PIN :   fifomem/U587/S0
                                0.50           0.53          -0.03  (VIOLATED)
       PIN :   fifomem/U590/S0
                                0.50           0.53          -0.03  (VIOLATED)
       PIN :   fifomem/U594/S0
                                0.50           0.53          -0.03  (VIOLATED)
       PIN :   fifomem/U764/S0
                                0.50           0.53          -0.03  (VIOLATED)
       PIN :   fifomem/U972/Y
                                0.50           0.53          -0.03  (VIOLATED)
   fifomem/n690                 0.50           0.53          -0.03  (VIOLATED)
       PIN :   fifomem/U526/S0
                                0.50           0.53          -0.03  (VIOLATED)
       PIN :   fifomem/U525/S0
                                0.50           0.53          -0.03  (VIOLATED)
       PIN :   fifomem/U527/S0
                                0.50           0.53          -0.03  (VIOLATED)
       PIN :   fifomem/U528/S0
                                0.50           0.53          -0.03  (VIOLATED)
       PIN :   fifomem/U529/S0
                                0.50           0.53          -0.03  (VIOLATED)
       PIN :   fifomem/U530/S0
                                0.50           0.53          -0.03  (VIOLATED)
       PIN :   fifomem/U591/S0
                                0.50           0.53          -0.03  (VIOLATED)
       PIN :   fifomem/U768/S0
                                0.50           0.53          -0.03  (VIOLATED)
       PIN :   fifomem/U995/Y
                                0.50           0.53          -0.03  (VIOLATED)
   fifomem/n687                 0.50           0.53          -0.03  (VIOLATED)
       PIN :   fifomem/U988/S0
                                0.50           0.53          -0.03  (VIOLATED)
       PIN :   fifomem/U1020/S0
                                0.50           0.53          -0.03  (VIOLATED)
       PIN :   fifomem/U1049/S0
                                0.50           0.53          -0.03  (VIOLATED)
       PIN :   fifomem/U1078/S0
                                0.50           0.53          -0.03  (VIOLATED)
       PIN :   fifomem/U1106/S0
                                0.50           0.53          -0.03  (VIOLATED)
       PIN :   fifomem/U1134/S0
                                0.50           0.53          -0.03  (VIOLATED)
       PIN :   fifomem/U1164/S0
                                0.50           0.53          -0.03  (VIOLATED)
       PIN :   fifomem/U1194/S0
                                0.50           0.53          -0.03  (VIOLATED)
       PIN :   fifomem/U987/Y
                                0.50           0.53          -0.03  (VIOLATED)
   wptr_full/n28                0.50           0.52          -0.02  (VIOLATED)
       PIN :   wptr_full/U42/A3
                                0.50           0.52          -0.02  (VIOLATED)
       PIN :   wptr_full/U33/Y
                                0.50           0.52          -0.02  (VIOLATED)
   rptr_empty/n39               0.50           0.52          -0.02  (VIOLATED)
       PIN :   rptr_empty/U51/A3
                                0.50           0.52          -0.02  (VIOLATED)
       PIN :   rptr_empty/U63/Y
                                0.50           0.52          -0.02  (VIOLATED)
   wptr_full/n24                0.50           0.51          -0.01  (VIOLATED)
       PIN :   wptr_full/U10/A2
                                0.50           0.51          -0.01  (VIOLATED)
       PIN :   wptr_full/U39/Y
                                0.50           0.51          -0.01  (VIOLATED)
   fifomem/n764                 0.50           0.51          -0.01  (VIOLATED)
       PIN :   fifomem/U161/A2
                                0.50           0.51          -0.01  (VIOLATED)
       PIN :   fifomem/U165/A2
                                0.50           0.51          -0.01  (VIOLATED)
       PIN :   fifomem/U159/A2
                                0.50           0.51          -0.01  (VIOLATED)
       PIN :   fifomem/U163/A2
                                0.50           0.51          -0.01  (VIOLATED)
       PIN :   fifomem/U28/A2
                                0.50           0.51          -0.01  (VIOLATED)
       PIN :   fifomem/U167/A2
                                0.50           0.51          -0.01  (VIOLATED)
       PIN :   fifomem/U27/A2
                                0.50           0.51          -0.01  (VIOLATED)
       PIN :   fifomem/U1048/A1
                                0.50           0.51          -0.01  (VIOLATED)
       PIN :   fifomem/U585/A1
                                0.50           0.51          -0.01  (VIOLATED)
       PIN :   fifomem/U1050/A1
                                0.50           0.51          -0.01  (VIOLATED)
       PIN :   fifomem/U1065/A1
                                0.50           0.51          -0.01  (VIOLATED)
       PIN :   fifomem/U1067/A1
                                0.50           0.51          -0.01  (VIOLATED)
       PIN :   fifomem/U1059/A1
                                0.50           0.51          -0.01  (VIOLATED)
       PIN :   fifomem/U1039/A1
                                0.50           0.51          -0.01  (VIOLATED)
       PIN :   fifomem/U587/A1
                                0.50           0.51          -0.01  (VIOLATED)
       PIN :   fifomem/U1057/A1
                                0.50           0.51          -0.01  (VIOLATED)
       PIN :   fifomem/U1053/A1
                                0.50           0.51          -0.01  (VIOLATED)
       PIN :   fifomem/U1038/Y
                                0.50           0.51          -0.01  (VIOLATED)
   fifomem/n766                 0.50           0.51          -0.01  (VIOLATED)
       PIN :   fifomem/U170/A2
                                0.50           0.51          -0.01  (VIOLATED)
       PIN :   fifomem/U174/A2
                                0.50           0.51          -0.01  (VIOLATED)
       PIN :   fifomem/U168/A2
                                0.50           0.51          -0.01  (VIOLATED)
       PIN :   fifomem/U172/A2
                                0.50           0.51          -0.01  (VIOLATED)
       PIN :   fifomem/U30/A2
                                0.50           0.51          -0.01  (VIOLATED)
       PIN :   fifomem/U176/A2
                                0.50           0.51          -0.01  (VIOLATED)
       PIN :   fifomem/U29/A2
                                0.50           0.51          -0.01  (VIOLATED)
       PIN :   fifomem/U1133/A1
                                0.50           0.51          -0.01  (VIOLATED)
       PIN :   fifomem/U588/A1
                                0.50           0.51          -0.01  (VIOLATED)
       PIN :   fifomem/U1135/A1
                                0.50           0.51          -0.01  (VIOLATED)
       PIN :   fifomem/U1150/A1
                                0.50           0.51          -0.01  (VIOLATED)
       PIN :   fifomem/U1152/A1
                                0.50           0.51          -0.01  (VIOLATED)
       PIN :   fifomem/U1144/A1
                                0.50           0.51          -0.01  (VIOLATED)
       PIN :   fifomem/U1124/A1
                                0.50           0.51          -0.01  (VIOLATED)
       PIN :   fifomem/U590/A1
                                0.50           0.51          -0.01  (VIOLATED)
       PIN :   fifomem/U1142/A1
                                0.50           0.51          -0.01  (VIOLATED)
       PIN :   fifomem/U1138/A1
                                0.50           0.51          -0.01  (VIOLATED)
       PIN :   fifomem/U1123/Y
                                0.50           0.51          -0.01  (VIOLATED)
   fifomem/n781                 0.50           0.51          -0.01  (VIOLATED)
       PIN :   fifomem/U32/A2
                                0.50           0.51          -0.01  (VIOLATED)
       PIN :   fifomem/U166/A2
                                0.50           0.51          -0.01  (VIOLATED)
       PIN :   fifomem/U160/A2
                                0.50           0.51          -0.01  (VIOLATED)
       PIN :   fifomem/U162/A2
                                0.50           0.51          -0.01  (VIOLATED)
       PIN :   fifomem/U33/A2
                                0.50           0.51          -0.01  (VIOLATED)
       PIN :   fifomem/U164/A2
                                0.50           0.51          -0.01  (VIOLATED)
       PIN :   fifomem/U31/A2
                                0.50           0.51          -0.01  (VIOLATED)
       PIN :   fifomem/U1064/A1
                                0.50           0.51          -0.01  (VIOLATED)
       PIN :   fifomem/U1042/A1
                                0.50           0.51          -0.01  (VIOLATED)
       PIN :   fifomem/U1066/A1
                                0.50           0.51          -0.01  (VIOLATED)
       PIN :   fifomem/U1041/A1
                                0.50           0.51          -0.01  (VIOLATED)
       PIN :   fifomem/U1046/A1
                                0.50           0.51          -0.01  (VIOLATED)
       PIN :   fifomem/U1055/A1
                                0.50           0.51          -0.01  (VIOLATED)
       PIN :   fifomem/U586/A1
                                0.50           0.51          -0.01  (VIOLATED)
       PIN :   fifomem/U1060/A1
                                0.50           0.51          -0.01  (VIOLATED)
       PIN :   fifomem/U1040/A1
                                0.50           0.51          -0.01  (VIOLATED)
       PIN :   fifomem/U1062/A1
                                0.50           0.51          -0.01  (VIOLATED)
       PIN :   fifomem/U1058/Y
                                0.50           0.51          -0.01  (VIOLATED)
   fifomem/n783                 0.50           0.51          -0.01  (VIOLATED)
       PIN :   fifomem/U35/A2
                                0.50           0.51          -0.01  (VIOLATED)
       PIN :   fifomem/U175/A2
                                0.50           0.51          -0.01  (VIOLATED)
       PIN :   fifomem/U169/A2
                                0.50           0.51          -0.01  (VIOLATED)
       PIN :   fifomem/U171/A2
                                0.50           0.51          -0.01  (VIOLATED)
       PIN :   fifomem/U36/A2
                                0.50           0.51          -0.01  (VIOLATED)
       PIN :   fifomem/U173/A2
                                0.50           0.51          -0.01  (VIOLATED)
       PIN :   fifomem/U34/A2
                                0.50           0.51          -0.01  (VIOLATED)
       PIN :   fifomem/U1149/A1
                                0.50           0.51          -0.01  (VIOLATED)
       PIN :   fifomem/U1127/A1
                                0.50           0.51          -0.01  (VIOLATED)
       PIN :   fifomem/U1151/A1
                                0.50           0.51          -0.01  (VIOLATED)
       PIN :   fifomem/U1126/A1
                                0.50           0.51          -0.01  (VIOLATED)
       PIN :   fifomem/U1131/A1
                                0.50           0.51          -0.01  (VIOLATED)
       PIN :   fifomem/U1140/A1
                                0.50           0.51          -0.01  (VIOLATED)
       PIN :   fifomem/U589/A1
                                0.50           0.51          -0.01  (VIOLATED)
       PIN :   fifomem/U1145/A1
                                0.50           0.51          -0.01  (VIOLATED)
       PIN :   fifomem/U1125/A1
                                0.50           0.51          -0.01  (VIOLATED)
       PIN :   fifomem/U1147/A1
                                0.50           0.51          -0.01  (VIOLATED)
       PIN :   fifomem/U1143/Y
                                0.50           0.51          -0.01  (VIOLATED)
   fifomem/n26                  0.50           0.51          -0.01  (VIOLATED)
       PIN :   fifomem/U118/A2
                                0.50           0.51          -0.01  (VIOLATED)
       PIN :   fifomem/U296/Y
                                0.50           0.51          -0.01  (VIOLATED)
   fifomem/n39                  0.50           0.51          -0.01  (VIOLATED)
       PIN :   fifomem/U111/A2
                                0.50           0.51          -0.01  (VIOLATED)
       PIN :   fifomem/U302/Y
                                0.50           0.51          -0.01  (VIOLATED)
   fifomem/n41                  0.50           0.51          -0.01  (VIOLATED)
       PIN :   fifomem/U112/A2
                                0.50           0.51          -0.01  (VIOLATED)
       PIN :   fifomem/U303/Y
                                0.50           0.51          -0.01  (VIOLATED)
   fifomem/n43                  0.50           0.51          -0.01  (VIOLATED)
       PIN :   fifomem/U113/A2
                                0.50           0.51          -0.01  (VIOLATED)
       PIN :   fifomem/U304/Y
                                0.50           0.51          -0.01  (VIOLATED)
   fifomem/n45                  0.50           0.51          -0.01  (VIOLATED)
       PIN :   fifomem/U114/A2
                                0.50           0.51          -0.01  (VIOLATED)
       PIN :   fifomem/U306/Y
                                0.50           0.51          -0.01  (VIOLATED)
   fifomem/n47                  0.50           0.51          -0.01  (VIOLATED)
       PIN :   fifomem/U216/A2
                                0.50           0.51          -0.01  (VIOLATED)
       PIN :   fifomem/U308/Y
                                0.50           0.51          -0.01  (VIOLATED)
   fifomem/n49                  0.50           0.51          -0.01  (VIOLATED)
       PIN :   fifomem/U115/A2
                                0.50           0.51          -0.01  (VIOLATED)
       PIN :   fifomem/U309/Y
                                0.50           0.51          -0.01  (VIOLATED)
   fifomem/n161                 0.50           0.51          -0.01  (VIOLATED)
       PIN :   fifomem/U121/A2
                                0.50           0.51          -0.01  (VIOLATED)
       PIN :   fifomem/U833/Y
                                0.50           0.51          -0.01  (VIOLATED)
   fifomem/n163                 0.50           0.51          -0.01  (VIOLATED)
       PIN :   fifomem/U710/A2
                                0.50           0.51          -0.01  (VIOLATED)
       PIN :   fifomem/U834/Y
                                0.50           0.51          -0.01  (VIOLATED)
   fifomem/n165                 0.50           0.51          -0.01  (VIOLATED)
       PIN :   fifomem/U122/A2
                                0.50           0.51          -0.01  (VIOLATED)
       PIN :   fifomem/U835/Y
                                0.50           0.51          -0.01  (VIOLATED)
   fifomem/n167                 0.50           0.51          -0.01  (VIOLATED)
       PIN :   fifomem/U711/A2
                                0.50           0.51          -0.01  (VIOLATED)
       PIN :   fifomem/U836/Y
                                0.50           0.51          -0.01  (VIOLATED)
   fifomem/n169                 0.50           0.51          -0.01  (VIOLATED)
       PIN :   fifomem/U712/A2
                                0.50           0.51          -0.01  (VIOLATED)
       PIN :   fifomem/U838/Y
                                0.50           0.51          -0.01  (VIOLATED)
   fifomem/n171                 0.50           0.51          -0.01  (VIOLATED)
       PIN :   fifomem/U713/A2
                                0.50           0.51          -0.01  (VIOLATED)
       PIN :   fifomem/U839/Y
                                0.50           0.51          -0.01  (VIOLATED)
   fifomem/n175                 0.50           0.51          -0.01  (VIOLATED)
       PIN :   fifomem/U215/A2
                                0.50           0.51          -0.01  (VIOLATED)
       PIN :   fifomem/U840/Y
                                0.50           0.51          -0.01  (VIOLATED)
   fifomem/n177                 0.50           0.51          -0.01  (VIOLATED)
       PIN :   fifomem/U106/A2
                                0.50           0.51          -0.01  (VIOLATED)
       PIN :   fifomem/U841/Y
                                0.50           0.51          -0.01  (VIOLATED)
   fifomem/n179                 0.50           0.51          -0.01  (VIOLATED)
       PIN :   fifomem/U714/A2
                                0.50           0.51          -0.01  (VIOLATED)
       PIN :   fifomem/U842/Y
                                0.50           0.51          -0.01  (VIOLATED)
   fifomem/n181                 0.50           0.51          -0.01  (VIOLATED)
       PIN :   fifomem/U715/A2
                                0.50           0.51          -0.01  (VIOLATED)
       PIN :   fifomem/U843/Y
                                0.50           0.51          -0.01  (VIOLATED)
   fifomem/n183                 0.50           0.51          -0.01  (VIOLATED)
       PIN :   fifomem/U716/A2
                                0.50           0.51          -0.01  (VIOLATED)
       PIN :   fifomem/U845/Y
                                0.50           0.51          -0.01  (VIOLATED)
   fifomem/n185                 0.50           0.51          -0.01  (VIOLATED)
       PIN :   fifomem/U717/A2
                                0.50           0.51          -0.01  (VIOLATED)
       PIN :   fifomem/U847/Y
                                0.50           0.51          -0.01  (VIOLATED)
   fifomem/n215                 0.50           0.51          -0.01  (VIOLATED)
       PIN :   fifomem/U103/A2
                                0.50           0.51          -0.01  (VIOLATED)
       PIN :   fifomem/U860/Y
                                0.50           0.51          -0.01  (VIOLATED)
   fifomem/n217                 0.50           0.51          -0.01  (VIOLATED)
       PIN :   fifomem/U104/A2
                                0.50           0.51          -0.01  (VIOLATED)
       PIN :   fifomem/U861/Y
                                0.50           0.51          -0.01  (VIOLATED)
   fifomem/n219                 0.50           0.51          -0.01  (VIOLATED)
       PIN :   fifomem/U719/A2
                                0.50           0.51          -0.01  (VIOLATED)
       PIN :   fifomem/U862/Y
                                0.50           0.51          -0.01  (VIOLATED)
   fifomem/n221                 0.50           0.51          -0.01  (VIOLATED)
       PIN :   fifomem/U105/A2
                                0.50           0.51          -0.01  (VIOLATED)
       PIN :   fifomem/U863/Y
                                0.50           0.51          -0.01  (VIOLATED)
   fifomem/n223                 0.50           0.51          -0.01  (VIOLATED)
       PIN :   fifomem/U720/A2
                                0.50           0.51          -0.01  (VIOLATED)
       PIN :   fifomem/U864/Y
                                0.50           0.51          -0.01  (VIOLATED)
   fifomem/n225                 0.50           0.51          -0.01  (VIOLATED)
       PIN :   fifomem/U721/A2
                                0.50           0.51          -0.01  (VIOLATED)
       PIN :   fifomem/U866/Y
                                0.50           0.51          -0.01  (VIOLATED)
   fifomem/n229                 0.50           0.51          -0.01  (VIOLATED)
       PIN :   fifomem/U107/A2
                                0.50           0.51          -0.01  (VIOLATED)
       PIN :   fifomem/U867/Y
                                0.50           0.51          -0.01  (VIOLATED)
   fifomem/n231                 0.50           0.51          -0.01  (VIOLATED)
       PIN :   fifomem/U108/A2
                                0.50           0.51          -0.01  (VIOLATED)
       PIN :   fifomem/U868/Y
                                0.50           0.51          -0.01  (VIOLATED)
   fifomem/n233                 0.50           0.51          -0.01  (VIOLATED)
       PIN :   fifomem/U726/A2
                                0.50           0.51          -0.01  (VIOLATED)
       PIN :   fifomem/U869/Y
                                0.50           0.51          -0.01  (VIOLATED)
   fifomem/n235                 0.50           0.51          -0.01  (VIOLATED)
       PIN :   fifomem/U727/A2
                                0.50           0.51          -0.01  (VIOLATED)
       PIN :   fifomem/U870/Y
                                0.50           0.51          -0.01  (VIOLATED)
   fifomem/n237                 0.50           0.51          -0.01  (VIOLATED)
       PIN :   fifomem/U728/A2
                                0.50           0.51          -0.01  (VIOLATED)
       PIN :   fifomem/U872/Y
                                0.50           0.51          -0.01  (VIOLATED)
   fifomem/n239                 0.50           0.51          -0.01  (VIOLATED)
       PIN :   fifomem/U729/A2
                                0.50           0.51          -0.01  (VIOLATED)
       PIN :   fifomem/U873/Y
                                0.50           0.51          -0.01  (VIOLATED)
   fifomem/n145                 0.50           0.51          -0.01  (VIOLATED)
       PIN :   fifomem/U109/A2
                                0.50           0.51          -0.01  (VIOLATED)
       PIN :   fifomem/U825/Y
                                0.50           0.51          -0.01  (VIOLATED)
   fifomem/n147                 0.50           0.51          -0.01  (VIOLATED)
       PIN :   fifomem/U706/A2
                                0.50           0.51          -0.01  (VIOLATED)
       PIN :   fifomem/U826/Y
                                0.50           0.51          -0.01  (VIOLATED)
   fifomem/n149                 0.50           0.51          -0.01  (VIOLATED)
       PIN :   fifomem/U110/A2
                                0.50           0.51          -0.01  (VIOLATED)
       PIN :   fifomem/U827/Y
                                0.50           0.51          -0.01  (VIOLATED)
   fifomem/n151                 0.50           0.51          -0.01  (VIOLATED)
       PIN :   fifomem/U707/A2
                                0.50           0.51          -0.01  (VIOLATED)
       PIN :   fifomem/U828/Y
                                0.50           0.51          -0.01  (VIOLATED)
   fifomem/n153                 0.50           0.51          -0.01  (VIOLATED)
       PIN :   fifomem/U708/A2
                                0.50           0.51          -0.01  (VIOLATED)
       PIN :   fifomem/U830/Y
                                0.50           0.51          -0.01  (VIOLATED)
   fifomem/n155                 0.50           0.51          -0.01  (VIOLATED)
       PIN :   fifomem/U709/A2
                                0.50           0.51          -0.01  (VIOLATED)
       PIN :   fifomem/U831/Y
                                0.50           0.51          -0.01  (VIOLATED)
   fifomem/n159                 0.50           0.51          -0.01  (VIOLATED)
       PIN :   fifomem/U749/A2
                                0.50           0.51          -0.01  (VIOLATED)
       PIN :   fifomem/U832/Y
                                0.50           0.51          -0.01  (VIOLATED)
   fifomem/n83                  0.50           0.51          -0.01  (VIOLATED)
       PIN :   fifomem/U92/A2
                                0.50           0.51          -0.01  (VIOLATED)
       PIN :   fifomem/U791/Y
                                0.50           0.51          -0.01  (VIOLATED)
   fifomem/n85                  0.50           0.51          -0.01  (VIOLATED)
       PIN :   fifomem/U93/A2
                                0.50           0.51          -0.01  (VIOLATED)
       PIN :   fifomem/U792/Y
                                0.50           0.51          -0.01  (VIOLATED)
   fifomem/n87                  0.50           0.51          -0.01  (VIOLATED)
       PIN :   fifomem/U730/A2
                                0.50           0.51          -0.01  (VIOLATED)
       PIN :   fifomem/U793/Y
                                0.50           0.51          -0.01  (VIOLATED)
   fifomem/n89                  0.50           0.51          -0.01  (VIOLATED)
       PIN :   fifomem/U731/A2
                                0.50           0.51          -0.01  (VIOLATED)
       PIN :   fifomem/U794/Y
                                0.50           0.51          -0.01  (VIOLATED)
   fifomem/n91                  0.50           0.51          -0.01  (VIOLATED)
       PIN :   fifomem/U732/A2
                                0.50           0.51          -0.01  (VIOLATED)
       PIN :   fifomem/U796/Y
                                0.50           0.51          -0.01  (VIOLATED)
   fifomem/n93                  0.50           0.51          -0.01  (VIOLATED)
       PIN :   fifomem/U733/A2
                                0.50           0.51          -0.01  (VIOLATED)
       PIN :   fifomem/U798/Y
                                0.50           0.51          -0.01  (VIOLATED)
   fifomem/n95                  0.50           0.51          -0.01  (VIOLATED)
       PIN :   fifomem/U734/A2
                                0.50           0.51          -0.01  (VIOLATED)
       PIN :   fifomem/U799/Y
                                0.50           0.51          -0.01  (VIOLATED)
   fifomem/n99                  0.50           0.51          -0.01  (VIOLATED)
       PIN :   fifomem/U84/A2
                                0.50           0.51          -0.01  (VIOLATED)
       PIN :   fifomem/U800/Y
                                0.50           0.51          -0.01  (VIOLATED)
   fifomem/n101                 0.50           0.51          -0.01  (VIOLATED)
       PIN :   fifomem/U85/A2
                                0.50           0.51          -0.01  (VIOLATED)
       PIN :   fifomem/U801/Y
                                0.50           0.51          -0.01  (VIOLATED)
   fifomem/n103                 0.50           0.51          -0.01  (VIOLATED)
       PIN :   fifomem/U735/A2
                                0.50           0.51          -0.01  (VIOLATED)
       PIN :   fifomem/U802/Y
                                0.50           0.51          -0.01  (VIOLATED)
   fifomem/n105                 0.50           0.51          -0.01  (VIOLATED)
       PIN :   fifomem/U86/A2
                                0.50           0.51          -0.01  (VIOLATED)
       PIN :   fifomem/U803/Y
                                0.50           0.51          -0.01  (VIOLATED)
   fifomem/n107                 0.50           0.51          -0.01  (VIOLATED)
       PIN :   fifomem/U736/A2
                                0.50           0.51          -0.01  (VIOLATED)
       PIN :   fifomem/U804/Y
                                0.50           0.51          -0.01  (VIOLATED)
   fifomem/n109                 0.50           0.51          -0.01  (VIOLATED)
       PIN :   fifomem/U737/A2
                                0.50           0.51          -0.01  (VIOLATED)
       PIN :   fifomem/U806/Y
                                0.50           0.51          -0.01  (VIOLATED)
   fifomem/n111                 0.50           0.51          -0.01  (VIOLATED)
       PIN :   fifomem/U738/A2
                                0.50           0.51          -0.01  (VIOLATED)
       PIN :   fifomem/U807/Y
                                0.50           0.51          -0.01  (VIOLATED)
   fifomem/n115                 0.50           0.51          -0.01  (VIOLATED)
       PIN :   fifomem/U101/A2
                                0.50           0.51          -0.01  (VIOLATED)
       PIN :   fifomem/U808/Y
                                0.50           0.51          -0.01  (VIOLATED)
   fifomem/n117                 0.50           0.51          -0.01  (VIOLATED)
       PIN :   fifomem/U102/A2
                                0.50           0.51          -0.01  (VIOLATED)
       PIN :   fifomem/U809/Y
                                0.50           0.51          -0.01  (VIOLATED)
   fifomem/n119                 0.50           0.51          -0.01  (VIOLATED)
       PIN :   fifomem/U739/A2
                                0.50           0.51          -0.01  (VIOLATED)
       PIN :   fifomem/U810/Y
                                0.50           0.51          -0.01  (VIOLATED)
   fifomem/n121                 0.50           0.51          -0.01  (VIOLATED)
       PIN :   fifomem/U213/A2
                                0.50           0.51          -0.01  (VIOLATED)
       PIN :   fifomem/U811/Y
                                0.50           0.51          -0.01  (VIOLATED)
   fifomem/n123                 0.50           0.51          -0.01  (VIOLATED)
       PIN :   fifomem/U740/A2
                                0.50           0.51          -0.01  (VIOLATED)
       PIN :   fifomem/U812/Y
                                0.50           0.51          -0.01  (VIOLATED)
   fifomem/n125                 0.50           0.51          -0.01  (VIOLATED)
       PIN :   fifomem/U741/A2
                                0.50           0.51          -0.01  (VIOLATED)
       PIN :   fifomem/U814/Y
                                0.50           0.51          -0.01  (VIOLATED)
   fifomem/n127                 0.50           0.51          -0.01  (VIOLATED)
       PIN :   fifomem/U742/A2
                                0.50           0.51          -0.01  (VIOLATED)
       PIN :   fifomem/U815/Y
                                0.50           0.51          -0.01  (VIOLATED)
   fifomem/n51                  0.50           0.51          -0.01  (VIOLATED)
       PIN :   fifomem/U123/A2
                                0.50           0.51          -0.01  (VIOLATED)
       PIN :   fifomem/U777/Y
                                0.50           0.51          -0.01  (VIOLATED)
   fifomem/n53                  0.50           0.51          -0.01  (VIOLATED)
       PIN :   fifomem/U124/A2
                                0.50           0.51          -0.01  (VIOLATED)
       PIN :   fifomem/U778/Y
                                0.50           0.51          -0.01  (VIOLATED)
   fifomem/n55                  0.50           0.51          -0.01  (VIOLATED)
       PIN :   fifomem/U125/A2
                                0.50           0.51          -0.01  (VIOLATED)
       PIN :   fifomem/U779/Y
                                0.50           0.51          -0.01  (VIOLATED)
   fifomem/n57                  0.50           0.51          -0.01  (VIOLATED)
       PIN :   fifomem/U126/A2
                                0.50           0.51          -0.01  (VIOLATED)
       PIN :   fifomem/U780/Y
                                0.50           0.51          -0.01  (VIOLATED)
   fifomem/n59                  0.50           0.51          -0.01  (VIOLATED)
       PIN :   fifomem/U127/A2
                                0.50           0.51          -0.01  (VIOLATED)
       PIN :   fifomem/U781/Y
                                0.50           0.51          -0.01  (VIOLATED)
   fifomem/n61                  0.50           0.51          -0.01  (VIOLATED)
       PIN :   fifomem/U128/A2
                                0.50           0.51          -0.01  (VIOLATED)
       PIN :   fifomem/U782/Y
                                0.50           0.51          -0.01  (VIOLATED)
   fifomem/n63                  0.50           0.51          -0.01  (VIOLATED)
       PIN :   fifomem/U129/A2
                                0.50           0.51          -0.01  (VIOLATED)
       PIN :   fifomem/U783/Y
                                0.50           0.51          -0.01  (VIOLATED)
   fifomem/n67                  0.50           0.51          -0.01  (VIOLATED)
       PIN :   fifomem/U94/A2
                                0.50           0.51          -0.01  (VIOLATED)
       PIN :   fifomem/U784/Y
                                0.50           0.51          -0.01  (VIOLATED)
   fifomem/n69                  0.50           0.51          -0.01  (VIOLATED)
       PIN :   fifomem/U95/A2
                                0.50           0.51          -0.01  (VIOLATED)
       PIN :   fifomem/U785/Y
                                0.50           0.51          -0.01  (VIOLATED)
   fifomem/n71                  0.50           0.51          -0.01  (VIOLATED)
       PIN :   fifomem/U96/A2
                                0.50           0.51          -0.01  (VIOLATED)
       PIN :   fifomem/U786/Y
                                0.50           0.51          -0.01  (VIOLATED)
   fifomem/n73                  0.50           0.51          -0.01  (VIOLATED)
       PIN :   fifomem/U97/A2
                                0.50           0.51          -0.01  (VIOLATED)
       PIN :   fifomem/U787/Y
                                0.50           0.51          -0.01  (VIOLATED)
   fifomem/n75                  0.50           0.51          -0.01  (VIOLATED)
       PIN :   fifomem/U98/A2
                                0.50           0.51          -0.01  (VIOLATED)
       PIN :   fifomem/U788/Y
                                0.50           0.51          -0.01  (VIOLATED)
   fifomem/n77                  0.50           0.51          -0.01  (VIOLATED)
       PIN :   fifomem/U99/A2
                                0.50           0.51          -0.01  (VIOLATED)
       PIN :   fifomem/U789/Y
                                0.50           0.51          -0.01  (VIOLATED)
   fifomem/n79                  0.50           0.51          -0.01  (VIOLATED)
       PIN :   fifomem/U100/A2
                                0.50           0.51          -0.01  (VIOLATED)
       PIN :   fifomem/U790/Y
                                0.50           0.51          -0.01  (VIOLATED)
   fifomem/n28                  0.50           0.51          -0.01  (VIOLATED)
       PIN :   fifomem/U355/A2
                                0.50           0.51          -0.01  (VIOLATED)
       PIN :   fifomem/U357/Y
                                0.50           0.51          -0.01  (VIOLATED)
   fifomem/n30                  0.50           0.51          -0.01  (VIOLATED)
       PIN :   fifomem/U358/A2
                                0.50           0.51          -0.01  (VIOLATED)
       PIN :   fifomem/U360/Y
                                0.50           0.51          -0.01  (VIOLATED)
   fifomem/n243                 0.50           0.51          -0.01  (VIOLATED)
       PIN :   fifomem/U116/A2
                                0.50           0.51          -0.01  (VIOLATED)
       PIN :   fifomem/U297/Y
                                0.50           0.51          -0.01  (VIOLATED)
   fifomem/n245                 0.50           0.51          -0.01  (VIOLATED)
       PIN :   fifomem/U755/A2
                                0.50           0.51          -0.01  (VIOLATED)
       PIN :   fifomem/U298/Y
                                0.50           0.51          -0.01  (VIOLATED)
   fifomem/n247                 0.50           0.51          -0.01  (VIOLATED)
       PIN :   fifomem/U117/A2
                                0.50           0.51          -0.01  (VIOLATED)
       PIN :   fifomem/U299/Y
                                0.50           0.51          -0.01  (VIOLATED)
   fifomem/n249                 0.50           0.51          -0.01  (VIOLATED)
       PIN :   fifomem/U756/A2
                                0.50           0.51          -0.01  (VIOLATED)
       PIN :   fifomem/U300/Y
                                0.50           0.51          -0.01  (VIOLATED)
   fifomem/n251                 0.50           0.51          -0.01  (VIOLATED)
       PIN :   fifomem/U757/A2
                                0.50           0.51          -0.01  (VIOLATED)
       PIN :   fifomem/U301/Y
                                0.50           0.51          -0.01  (VIOLATED)
   fifomem/n131                 0.50           0.51          -0.01  (VIOLATED)
       PIN :   fifomem/U90/A2
                                0.50           0.51          -0.01  (VIOLATED)
       PIN :   fifomem/U816/Y
                                0.50           0.51          -0.01  (VIOLATED)
   fifomem/n133                 0.50           0.51          -0.01  (VIOLATED)
       PIN :   fifomem/U91/A2
                                0.50           0.51          -0.01  (VIOLATED)
       PIN :   fifomem/U817/Y
                                0.50           0.51          -0.01  (VIOLATED)
   fifomem/n135                 0.50           0.51          -0.01  (VIOLATED)
       PIN :   fifomem/U702/A2
                                0.50           0.51          -0.01  (VIOLATED)
       PIN :   fifomem/U818/Y
                                0.50           0.51          -0.01  (VIOLATED)
   fifomem/n137                 0.50           0.51          -0.01  (VIOLATED)
       PIN :   fifomem/U703/A2
                                0.50           0.51          -0.01  (VIOLATED)
       PIN :   fifomem/U820/Y
                                0.50           0.51          -0.01  (VIOLATED)
   fifomem/n139                 0.50           0.51          -0.01  (VIOLATED)
       PIN :   fifomem/U704/A2
                                0.50           0.51          -0.01  (VIOLATED)
       PIN :   fifomem/U822/Y
                                0.50           0.51          -0.01  (VIOLATED)
   fifomem/n141                 0.50           0.51          -0.01  (VIOLATED)
       PIN :   fifomem/U705/A2
                                0.50           0.51          -0.01  (VIOLATED)
       PIN :   fifomem/U823/Y
                                0.50           0.51          -0.01  (VIOLATED)
   fifomem/n143                 0.50           0.51          -0.01  (VIOLATED)
       PIN :   fifomem/U747/A2
                                0.50           0.51          -0.01  (VIOLATED)
       PIN :   fifomem/U824/Y
                                0.50           0.51          -0.01  (VIOLATED)
   fifomem/n201                 0.50           0.51          -0.01  (VIOLATED)
       PIN :   fifomem/U87/A2
                                0.50           0.51          -0.01  (VIOLATED)
       PIN :   fifomem/U849/Y
                                0.50           0.51          -0.01  (VIOLATED)
   fifomem/n203                 0.50           0.51          -0.01  (VIOLATED)
       PIN :   fifomem/U88/A2
                                0.50           0.51          -0.01  (VIOLATED)
       PIN :   fifomem/U850/Y
                                0.50           0.51          -0.01  (VIOLATED)
   fifomem/n205                 0.50           0.51          -0.01  (VIOLATED)
       PIN :   fifomem/U722/A2
                                0.50           0.51          -0.01  (VIOLATED)
       PIN :   fifomem/U851/Y
                                0.50           0.51          -0.01  (VIOLATED)
   fifomem/n207                 0.50           0.51          -0.01  (VIOLATED)
       PIN :   fifomem/U89/A2
                                0.50           0.51          -0.01  (VIOLATED)
       PIN :   fifomem/U853/Y
                                0.50           0.51          -0.01  (VIOLATED)
   fifomem/n209                 0.50           0.51          -0.01  (VIOLATED)
       PIN :   fifomem/U723/A2
                                0.50           0.51          -0.01  (VIOLATED)
       PIN :   fifomem/U854/Y
                                0.50           0.51          -0.01  (VIOLATED)
   fifomem/n211                 0.50           0.51          -0.01  (VIOLATED)
       PIN :   fifomem/U724/A2
                                0.50           0.51          -0.01  (VIOLATED)
       PIN :   fifomem/U856/Y
                                0.50           0.51          -0.01  (VIOLATED)
   fifomem/n213                 0.50           0.51          -0.01  (VIOLATED)
       PIN :   fifomem/U725/A2
                                0.50           0.51          -0.01  (VIOLATED)
       PIN :   fifomem/U858/Y
                                0.50           0.51          -0.01  (VIOLATED)
   fifomem/n784                 0.50           0.51          -0.01  (VIOLATED)
       PIN :   fifomem/U140/A2
                                0.50           0.51          -0.01  (VIOLATED)
       PIN :   fifomem/U134/A2
                                0.50           0.51          -0.01  (VIOLATED)
       PIN :   fifomem/U138/A2
                                0.50           0.51          -0.01  (VIOLATED)
       PIN :   fifomem/U132/A2
                                0.50           0.51          -0.01  (VIOLATED)
       PIN :   fifomem/U12/A2
                                0.50           0.51          -0.01  (VIOLATED)
       PIN :   fifomem/U136/A2
                                0.50           0.51          -0.01  (VIOLATED)
       PIN :   fifomem/U156/A2
                                0.50           0.51          -0.01  (VIOLATED)
       PIN :   fifomem/U593/A1
                                0.50           0.51          -0.01  (VIOLATED)
       PIN :   fifomem/U1157/A1
                                0.50           0.51          -0.01  (VIOLATED)
       PIN :   fifomem/U1181/A1
                                0.50           0.51          -0.01  (VIOLATED)
       PIN :   fifomem/U1161/A1
                                0.50           0.51          -0.01  (VIOLATED)
       PIN :   fifomem/U1170/A1
                                0.50           0.51          -0.01  (VIOLATED)
       PIN :   fifomem/U1175/A1
                                0.50           0.51          -0.01  (VIOLATED)
       PIN :   fifomem/U1155/A1
                                0.50           0.51          -0.01  (VIOLATED)
       PIN :   fifomem/U1177/A1
                                0.50           0.51          -0.01  (VIOLATED)
       PIN :   fifomem/U1156/A1
                                0.50           0.51          -0.01  (VIOLATED)
       PIN :   fifomem/U1179/A1
                                0.50           0.51          -0.01  (VIOLATED)
       PIN :   fifomem/U1173/Y
                                0.50           0.51          -0.01  (VIOLATED)
   fifomem/n767                 0.50           0.51          -0.01  (VIOLATED)
       PIN :   fifomem/U141/A2
                                0.50           0.51          -0.01  (VIOLATED)
       PIN :   fifomem/U155/A2
                                0.50           0.51          -0.01  (VIOLATED)
       PIN :   fifomem/U133/A2
                                0.50           0.51          -0.01  (VIOLATED)
       PIN :   fifomem/U139/A2
                                0.50           0.51          -0.01  (VIOLATED)
       PIN :   fifomem/U131/A2
                                0.50           0.51          -0.01  (VIOLATED)
       PIN :   fifomem/U135/A2
                                0.50           0.51          -0.01  (VIOLATED)
       PIN :   fifomem/U137/A2
                                0.50           0.51          -0.01  (VIOLATED)
       PIN :   fifomem/U1174/A1
                                0.50           0.51          -0.01  (VIOLATED)
       PIN :   fifomem/U1182/A1
                                0.50           0.51          -0.01  (VIOLATED)
       PIN :   fifomem/U1180/A1
                                0.50           0.51          -0.01  (VIOLATED)
       PIN :   fifomem/U1172/A1
                                0.50           0.51          -0.01  (VIOLATED)
       PIN :   fifomem/U594/A1
                                0.50           0.51          -0.01  (VIOLATED)
       PIN :   fifomem/U1154/A1
                                0.50           0.51          -0.01  (VIOLATED)
       PIN :   fifomem/U1163/A1
                                0.50           0.51          -0.01  (VIOLATED)
       PIN :   fifomem/U1165/A1
                                0.50           0.51          -0.01  (VIOLATED)
       PIN :   fifomem/U763/A1
                                0.50           0.51          -0.01  (VIOLATED)
       PIN :   fifomem/U1168/A1
                                0.50           0.51          -0.01  (VIOLATED)
       PIN :   fifomem/U1153/Y
                                0.50           0.51          -0.01  (VIOLATED)
   fifomem/n774                 0.50           0.51          -0.01  (VIOLATED)
       PIN :   fifomem/U44/A2
                                0.50           0.51          -0.01  (VIOLATED)
       PIN :   fifomem/U1044/A1
                                0.50           0.51          -0.01  (VIOLATED)
       PIN :   fifomem/U882/A2
                                0.50           0.51          -0.01  (VIOLATED)
       PIN :   fifomem/U1276/A2
                                0.50           0.51          -0.01  (VIOLATED)
       PIN :   fifomem/U698/A2
                                0.50           0.51          -0.01  (VIOLATED)
       PIN :   fifomem/U1245/A2
                                0.50           0.51          -0.01  (VIOLATED)
       PIN :   fifomem/U1253/A2
                                0.50           0.51          -0.01  (VIOLATED)
       PIN :   fifomem/U1225/A2
                                0.50           0.51          -0.01  (VIOLATED)
       PIN :   fifomem/U258/A2
                                0.50           0.51          -0.01  (VIOLATED)
       PIN :   fifomem/U1238/A2
                                0.50           0.51          -0.01  (VIOLATED)
       PIN :   fifomem/U1232/A2
                                0.50           0.51          -0.01  (VIOLATED)
       PIN :   fifomem/U570/A2
                                0.50           0.51          -0.01  (VIOLATED)
       PIN :   fifomem/U580/A2
                                0.50           0.51          -0.01  (VIOLATED)
       PIN :   fifomem/U284/A2
                                0.50           0.51          -0.01  (VIOLATED)
       PIN :   fifomem/U522/A1
                                0.50           0.51          -0.01  (VIOLATED)
       PIN :   fifomem/U1269/A2
                                0.50           0.51          -0.01  (VIOLATED)
       PIN :   fifomem/U1063/Y
                                0.50           0.51          -0.01  (VIOLATED)
   fifomem/n776                 0.50           0.51          -0.01  (VIOLATED)
       PIN :   fifomem/U45/A2
                                0.50           0.51          -0.01  (VIOLATED)
       PIN :   fifomem/U1129/A1
                                0.50           0.51          -0.01  (VIOLATED)
       PIN :   fifomem/U1240/A2
                                0.50           0.51          -0.01  (VIOLATED)
       PIN :   fifomem/U1272/A2
                                0.50           0.51          -0.01  (VIOLATED)
       PIN :   fifomem/U1279/A2
                                0.50           0.51          -0.01  (VIOLATED)
       PIN :   fifomem/U1263/A2
                                0.50           0.51          -0.01  (VIOLATED)
       PIN :   fifomem/U1247/A2
                                0.50           0.51          -0.01  (VIOLATED)
       PIN :   fifomem/U1294/A2
                                0.50           0.51          -0.01  (VIOLATED)
       PIN :   fifomem/U382/A2
                                0.50           0.51          -0.01  (VIOLATED)
       PIN :   fifomem/U1227/A2
                                0.50           0.51          -0.01  (VIOLATED)
       PIN :   fifomem/U1234/A2
                                0.50           0.51          -0.01  (VIOLATED)
       PIN :   fifomem/U1286/A2
                                0.50           0.51          -0.01  (VIOLATED)
       PIN :   fifomem/U1307/A2
                                0.50           0.51          -0.01  (VIOLATED)
       PIN :   fifomem/U567/A2
                                0.50           0.51          -0.01  (VIOLATED)
       PIN :   fifomem/U524/A1
                                0.50           0.51          -0.01  (VIOLATED)
       PIN :   fifomem/U1256/A2
                                0.50           0.51          -0.01  (VIOLATED)
       PIN :   fifomem/U1148/Y
                                0.50           0.51          -0.01  (VIOLATED)
   fifomem/n777                 0.50           0.51          -0.01  (VIOLATED)
       PIN :   fifomem/U46/A2
                                0.50           0.51          -0.01  (VIOLATED)
       PIN :   fifomem/U1159/A1
                                0.50           0.51          -0.01  (VIOLATED)
       PIN :   fifomem/U1273/A2
                                0.50           0.51          -0.01  (VIOLATED)
       PIN :   fifomem/U1257/A2
                                0.50           0.51          -0.01  (VIOLATED)
       PIN :   fifomem/U380/A2
                                0.50           0.51          -0.01  (VIOLATED)
       PIN :   fifomem/U1228/A2
                                0.50           0.51          -0.01  (VIOLATED)
       PIN :   fifomem/U1295/A2
                                0.50           0.51          -0.01  (VIOLATED)
       PIN :   fifomem/U1248/A2
                                0.50           0.51          -0.01  (VIOLATED)
       PIN :   fifomem/U1235/A2
                                0.50           0.51          -0.01  (VIOLATED)
       PIN :   fifomem/U699/A2
                                0.50           0.51          -0.01  (VIOLATED)
       PIN :   fifomem/U1241/A2
                                0.50           0.51          -0.01  (VIOLATED)
       PIN :   fifomem/U1287/A2
                                0.50           0.51          -0.01  (VIOLATED)
       PIN :   fifomem/U1308/A2
                                0.50           0.51          -0.01  (VIOLATED)
       PIN :   fifomem/U1280/A2
                                0.50           0.51          -0.01  (VIOLATED)
       PIN :   fifomem/U766/A1
                                0.50           0.51          -0.01  (VIOLATED)
       PIN :   fifomem/U1264/A2
                                0.50           0.51          -0.01  (VIOLATED)
       PIN :   fifomem/U1178/Y
                                0.50           0.51          -0.01  (VIOLATED)
   fifomem/n649                 0.50           0.51          -0.01  (VIOLATED)
       PIN :   fifomem/U154/A1
                                0.50           0.51          -0.01  (VIOLATED)
       PIN :   fifomem/U153/A1
                                0.50           0.51          -0.01  (VIOLATED)
       PIN :   fifomem/U152/A1
                                0.50           0.51          -0.01  (VIOLATED)
       PIN :   fifomem/U151/A1
                                0.50           0.51          -0.01  (VIOLATED)
       PIN :   fifomem/U150/A2
                                0.50           0.51          -0.01  (VIOLATED)
       PIN :   fifomem/U149/A2
                                0.50           0.51          -0.01  (VIOLATED)
       PIN :   fifomem/U148/A2
                                0.50           0.51          -0.01  (VIOLATED)
       PIN :   fifomem/U178/A2
                                0.50           0.51          -0.01  (VIOLATED)
       PIN :   fifomem/U331/Y
                                0.50           0.51          -0.01  (VIOLATED)
   fifomem/n1325                0.50           0.50           0.00  (VIOLATED: increase significant digits)
   fifomem/n1237                0.50           0.50           0.00  (VIOLATED: increase significant digits)
   fifomem/n1238                0.50           0.50           0.00  (VIOLATED: increase significant digits)
   fifomem/n1241                0.50           0.50           0.00  (VIOLATED: increase significant digits)

   -----------------------------------------------------------------
   Total                      151                -6.39  

   max_leakage_power

                             Required        Actual
   Design                   Leakage Power  Leakage Power     Slack
   -----------------------------------------------------------------
   fifo1                        0.00       1288989824.00  -1288989824.00
                                                                    (VIOLATED)


Min pulse width constraints

                       Required      Actual
  Pin                pulse width   pulse width   Slack           Scenario
--------------------------------------------------------------------------------
  sync_w2r/rq2_wptr_reg_1_/CLK(high)
                      1.51          1.50         -0.01 (VIOLATED)
  sync_w2r/rq2_wptr_reg_3_/CLK(high)
                      1.51          1.50         -0.01 (VIOLATED)
  sync_w2r/rq2_wptr_reg_4_/CLK(high)
                      1.51          1.50         -0.01 (VIOLATED)
  sync_w2r/rq2_wptr_reg_5_/CLK(high)
                      1.51          1.50         -0.01 (VIOLATED)
  sync_w2r/rq2_wptr_reg_6_/CLK(high)
                      1.51          1.50         -0.01 (VIOLATED)

1
